.....                                                                    [100%]
=============================== warnings summary ===============================
.venv/lib/python3.11/site-packages/pydantic/_internal/_config.py:291
.venv/lib/python3.11/site-packages/pydantic/_internal/_config.py:291
  /Users/arimoreira/Desktop/DevOps_Project/knee_rehab_app/.venv/lib/python3.11/site-packages/pydantic/_internal/_config.py:291: PydanticDeprecatedSince20: Support for class-based `config` is deprecated, use ConfigDict instead. Deprecated in Pydantic V2.0 to be removed in V3.0. See Pydantic V2 Migration Guide at https://errors.pydantic.dev/2.8/migration/
    warnings.warn(DEPRECATION_MESSAGE, DeprecationWarning)

-- Docs: https://docs.pytest.org/en/stable/how-to/capture-warnings.html
5 passed, 2 warnings in 1.16s
